Microchip MPLAB XC8 Compiler V2.40

Linker command line:

-W-3 \
  --edf=C:/Users/tenda/.mchp_packs/Microchip/PIC18F-Q_DFP/1.16.368/xc8\pic\dat\20230209155309_en.msgs \
  -cn -h+dist/default/production\mez6809_emuz80.X.production.sym \
  --cmf=dist/default/production\mez6809_emuz80.X.production.cmf -z \
  -Q18F47Q43 -oC:\Users\tenda\AppData\Local\Temp\xcAs3vk.4 \
  --defsym=__MPLAB_BUILD=1 --fixupoverflow=error \
  -Mdist/default/production/mez6809_emuz80.X.production.map \
  --md=C:\Users\tenda\AppData\Local\Temp\xcAs3vk.dat -E1 -ver=XC8 Compiler \
  --acfsm=1493 -ACODE=00h-01FFFFh -ACONST=00h-01FFFFh \
  -ASMALLCONST=02600h-026FFhx474 \
  -AMEDIUMCONST=02600h-0FFFFh,012600h-01FFFFh -ACOMRAM=0501h-055Fh \
  -AABS1=0500h-024FFh -ABIGRAM=0501h-024FFh \
  -ARAM=0560h-05FFh,0600h-06FFhx31 -ABANK5=0560h-05FFh -ABANK6=0600h-06FFh \
  -ABANK7=0700h-07FFh -ABANK8=0800h-08FFh -ABANK9=0900h-09FFh \
  -ABANK10=0A00h-0AFFh -ABANK11=0B00h-0BFFh -ABANK12=0C00h-0CFFh \
  -ABANK13=0D00h-0DFFh -ABANK14=0E00h-0EFFh -ABANK15=0F00h-0FFFh \
  -ABANK16=01000h-010FFh -ABANK17=01100h-011FFh -ABANK18=01200h-012FFh \
  -ABANK19=01300h-013FFh -ABANK20=01400h-014FFh -ABANK21=01500h-015FFh \
  -ABANK22=01600h-016FFh -ABANK23=01700h-017FFh -ABANK24=01800h-018FFh \
  -ABANK25=01900h-019FFh -ABANK26=01A00h-01AFFh -ABANK27=01B00h-01BFFh \
  -ABANK28=01C00h-01CFFh -ABANK29=01D00h-01DFFh -ABANK30=01E00h-01EFFh \
  -ABANK31=01F00h-01FFFh -ABANK32=02000h-020FFh -ABANK33=02100h-021FFh \
  -ABANK34=02200h-022FFh -ABANK35=02300h-023FFh -ABANK36=02400h-024FFh \
  -ASFR=00h-0FFhx4,0400h-045Fh,0460h-04FFh,02500h-025FFh \
  -ABIGSFR=00h-04FFh,02500h-025FFh -ACONFIG=0300000h-0300011h \
  -AIDLOC=0200000h-020003Fh -AEEDATA=0380000h-03803FFh -peeprom_data=EEDATA \
  -preset_vec=00h -ppowerup=CODE,init -pramtop=02600h \
  -psmallconst=SMALLCONST -pmediumconst=MEDIUMCONST -pconst=CONST \
  -AFARRAM=00h-00h \
  -prdata=COMRAM,nvrram=COMRAM,nvbit=COMRAM,rbss=COMRAM,rbit=COMRAM \
  -pfarbss=FARRAM,fardata=FARRAM,nvFARRAM=FARRAM \
  -pintsave_regs=BIGRAM,bigbss=BIGRAM,bigdata=BIGRAM -pbss=RAM \
  -pidata=CODE,irdata=CODE,ibigdata=CODE,ifardata=CODE -prparam=COMRAM \
  C:\Users\tenda\AppData\Local\Temp\xcAs3vk.o \
  dist/default/production\mez6809_emuz80.X.production.o 

Object code version is 3.11

Machine type is 18F47Q43



                Name                               Link     Load   Length Selector   Space Scale
C:\Users\tenda\AppData\Local\Temp\xcAs3vk.o
                idloc                            200000   200000       40        0       5
                config                           300000   300000        A        0       4
                init                              1FFFC    1FFFC        4     FFFE       0
                reset_vec                             0        0        4        0       0
dist/default/production\mez6809_emuz80.X.production.o
                idloc                            200000   200000       40        0       5
                config                           300000   300000        A        0       4
                smallconst                         2600     2600       52     1300       0
                text21                             3B32     3B32        4     1329       0
                text20                             3B3A     3B3A        2     1329       0
                text19                             3B1A     3B1A        E     1329       0
                text18                             3B38     3B38        2     1329       0
                text17                             3AA2     3AA2       1E     1329       0
                text16                             37B8     37B8       A4     1329       0
                text15                             385C     385C       88     1329       0
                text14                             3A7C     3A7C       26     1329       0
                text13                             39C2     39C2       50     1329       0
                text12                             3AF4     3AF4       16     1329       0
                text11                             3656     3656       B6     1329       0
                text10                             2652     2652      806     1329       0
                text9                              3A50     3A50       2C     1329       0
                text8                              38E4     38E4       74     1329       0
                text7                              3ADC     3ADC       18     1329       0
                text6                              370C     370C       AC     1329       0
                text5                              3AC0     3AC0       1C     1329       0
                text4                              3958     3958       6A     1329       0
                text3                              3B28     3B28        A     1329       0
                text2                              326E     326E      3E8     1329       0
                text1                              3B0A     3B0A       10     1329       0
                text0                              2E58     2E58      416     1329       0
                cstackCOMRAM                        501      501       5F      501       1
                cstackBANK5                         560      560       28      560       1
                bssBIGRAM                          1500     1500     1000     1500       1
                dataBANK5                           5A4      5A4        2      560       1
                bssBANK5                            588      588       1C      560       1
                cinit                              3A12     3A12       3E     1329       0
                idataBANK5                         3B36     3B36        2     1329       0

TOTAL           Name                               Link     Load   Length     Space
        CLASS   CODE           
                init                              1FFFC    1FFFC        4         0
                reset_vec                             0        0        4         0
                text21                             3B32     3B32        4         0
                text20                             3B3A     3B3A        2         0
                text19                             3B1A     3B1A        E         0
                text18                             3B38     3B38        2         0
                text17                             3AA2     3AA2       1E         0
                text16                             37B8     37B8       A4         0
                text15                             385C     385C       88         0
                text14                             3A7C     3A7C       26         0
                text13                             39C2     39C2       50         0
                text12                             3AF4     3AF4       16         0
                text11                             3656     3656       B6         0
                text10                             2652     2652      806         0
                text9                              3A50     3A50       2C         0
                text8                              38E4     38E4       74         0
                text7                              3ADC     3ADC       18         0
                text6                              370C     370C       AC         0
                text5                              3AC0     3AC0       1C         0
                text4                              3958     3958       6A         0
                text3                              3B28     3B28        A         0
                text2                              326E     326E      3E8         0
                text1                              3B0A     3B0A       10         0
                text0                              2E58     2E58      416         0
                cinit                              3A12     3A12       3E         0
                idataBANK5                         3B36     3B36        2         0

        CLASS   CONST          

        CLASS   SMALLCONST     
                smallconst                         2600     2600       52         0

        CLASS   MEDIUMCONST    

        CLASS   COMRAM         
                cstackCOMRAM                        501      501       5F         1

        CLASS   ABS1           

        CLASS   BIGRAM         
                bssBIGRAM                          1500     1500     1000         1

        CLASS   RAM            

        CLASS   BANK5          
                cstackBANK5                         560      560       28         1
                dataBANK5                           5A4      5A4        2         1
                bssBANK5                            588      588       1C         1

        CLASS   BANK6          

        CLASS   BANK7          

        CLASS   BANK8          

        CLASS   BANK9          

        CLASS   BANK10         

        CLASS   BANK11         

        CLASS   BANK12         

        CLASS   BANK13         

        CLASS   BANK14         

        CLASS   BANK15         

        CLASS   BANK16         

        CLASS   BANK17         

        CLASS   BANK18         

        CLASS   BANK19         

        CLASS   BANK20         

        CLASS   BANK21         

        CLASS   BANK22         

        CLASS   BANK23         

        CLASS   BANK24         

        CLASS   BANK25         

        CLASS   BANK26         

        CLASS   BANK27         

        CLASS   BANK28         

        CLASS   BANK29         

        CLASS   BANK30         

        CLASS   BANK31         

        CLASS   BANK32         

        CLASS   BANK33         

        CLASS   BANK34         

        CLASS   BANK35         

        CLASS   BANK36         

        CLASS   SFR            

        CLASS   BIGSFR         

        CLASS   CONFIG         
                config                           300000   300000        A         4

        CLASS   IDLOC          
                idloc                            200000   200000       40         5

        CLASS   EEDATA         

        CLASS   FARRAM         

        CLASS   HEAP           

        CLASS   STACK          



SEGMENTS        Name                           Load    Length   Top    Selector   Space  Class

                reset_vec                      000000  000004  000004         0       0  CODE    
                cstackCOMRAM                   000501  00005F  000560       501       1  COMRAM  
                cstackBANK5                    000560  000046  0005A6       560       1  BANK5   
                bssBIGRAM                      001500  001000  002500      1500       1  BIGRAM  
                smallconst                     002600  000052  002652      1300       0  SMALLCON
                text10                         002652  0014EA  003B3C      1329       0  CODE    
                init                           01FFFC  000004  020000      FFFE       0  CODE    


UNUSED ADDRESS RANGES

        Name                Unused          Largest block    Delta
        BANK10           000A00-000AFF              100
        BANK11           000B00-000BFF              100
        BANK12           000C00-000CFF              100
        BANK13           000D00-000DFF              100
        BANK14           000E00-000EFF              100
        BANK15           000F00-000FFF              100
        BANK16           001000-0010FF              100
        BANK17           001100-0011FF              100
        BANK18           001200-0012FF              100
        BANK19           001300-0013FF              100
        BANK20           001400-0014FF              100
        BANK5            0005A6-0005FF               5A
        BANK6            000600-0006FF              100
        BANK7            000700-0007FF              100
        BANK8            000800-0008FF              100
        BANK9            000900-0009FF              100
        BIGRAM           0005A6-0014FF              F5A
        BIGSFR           000000-0004FF              500
                         002500-0025FF              100
        CODE             000004-0025FF             25FC
                         003B3C-01FFFB            1C4C0
        CONFIG           30000A-300011                8
        CONST            000004-0025FF             25FC
                         003B3C-01FFFB            1C4C0
        EEDATA           380000-3803FF              400
        MEDIUMCONST      003B3C-00FFFF             C4C4
                         012600-01FFFB             D9FC
        RAM              0005A6-0014FF              100
        SFR              000000-0004FF              100
                         002500-0025FF              100
        SMALLCONST       003B3C-01FFFB              100

                                  Symbol Table

?___lldiv                cstackCOMRAM 000501
?___llmod                cstackCOMRAM 000501
?___wmul                 cstackCOMRAM 000501
?_get_addr               cstackCOMRAM 000501
?_getchr                 cstackCOMRAM 000503
?_getchx                 cstackCOMRAM 000501
?_strlen                 cstackCOMRAM 000501
?_to_hex                 cstackCOMRAM 000501
?_xprintf                cstackCOMRAM 000556
_ANSELA0                 (abs)        002000
_ANSELA1                 (abs)        002001
_ANSELA2                 (abs)        002002
_ANSELA3                 (abs)        002003
_ANSELA4                 (abs)        002004
_ANSELA6                 (abs)        002006
_ANSELA7                 (abs)        002007
_ANSELB                  (abs)        000408
_ANSELC                  (abs)        000410
_ANSELD                  (abs)        000418
_ANSELE1                 (abs)        002101
_ANSELE2                 (abs)        002102
_CLCIN0PPS               (abs)        000261
_CLCIN1PPS               (abs)        000262
_CLCIN2PPS               (abs)        000263
_CLCIN3PPS               (abs)        000264
_CLCIN6PPS               (abs)        000267
_CLCIN7PPS               (abs)        000268
_CLCSELECT               (abs)        0000D5
_CLCnCON                 (abs)        0000D6
_CLCnGLS0                (abs)        0000DC
_CLCnGLS1                (abs)        0000DD
_CLCnGLS2                (abs)        0000DE
_CLCnGLS3                (abs)        0000DF
_CLCnPOL                 (abs)        0000D7
_CLCnSEL0                (abs)        0000D8
_CLCnSEL1                (abs)        0000D9
_CLCnSEL2                (abs)        0000DA
_CLCnSEL3                (abs)        0000DB
_LATA3                   (abs)        0025F3
_LATA4                   (abs)        0025F4
_LATA6                   (abs)        0025F6
_LATC                    (abs)        0004C0
_LATE0                   (abs)        002610
_LATE1                   (abs)        002611
_LATE2                   (abs)        002612
_NCO1CLK                 (abs)        000447
_NCO1EN                  (abs)        002237
_NCO1INC                 (abs)        000443
_NCO1OUT                 (abs)        002235
_NCO1PFM                 (abs)        002230
_OSCFRQ                  (abs)        0000B1
_PORTB                   (abs)        0004CF
_PORTC                   (abs)        0004D0
_PORTD                   (abs)        0004D1
_RA0                     (abs)        002670
_RA1                     (abs)        002671
_RA3PPS                  (abs)        000204
_RA6PPS                  (abs)        000207
_RD5                     (abs)        00268D
_RES_off                 text21       003B32
_TRISA0                  (abs)        002630
_TRISA1                  (abs)        002631
_TRISA2                  (abs)        002632
_TRISA3                  (abs)        002633
_TRISA4                  (abs)        002634
_TRISA6                  (abs)        002636
_TRISA7                  (abs)        002637
_TRISB                   (abs)        0004C7
_TRISC                   (abs)        0004C8
_TRISD                   (abs)        0004C9
_TRISE1                  (abs)        002651
_TRISE2                  (abs)        002652
_U3BRG                   (abs)        0002D4
_U3CON0                  (abs)        0002D1
_U3ON                    (abs)        001697
_U3RXB                   (abs)        0002C7
_U3RXBE                  (abs)        0016B1
_U3RXEN                  (abs)        00168C
_U3RXPPS                 (abs)        000276
_U3TXB                   (abs)        0002C9
_U3TXBE                  (abs)        0016B5
_U3TXEN                  (abs)        00168D
_WPUA0                   (abs)        002008
_WPUB                    (abs)        000409
_WPUC                    (abs)        000411
_WPUD                    (abs)        000419
__HRAM                   (abs)        000000
__Habs1                  abs1         000000
__Hbank10                bank10       000000
__Hbank11                bank11       000000
__Hbank12                bank12       000000
__Hbank13                bank13       000000
__Hbank14                bank14       000000
__Hbank15                bank15       000000
__Hbank16                bank16       000000
__Hbank17                bank17       000000
__Hbank18                bank18       000000
__Hbank19                bank19       000000
__Hbank20                bank20       000000
__Hbank21                bank21       000000
__Hbank22                bank22       000000
__Hbank23                bank23       000000
__Hbank24                bank24       000000
__Hbank25                bank25       000000
__Hbank26                bank26       000000
__Hbank27                bank27       000000
__Hbank28                bank28       000000
__Hbank29                bank29       000000
__Hbank30                bank30       000000
__Hbank31                bank31       000000
__Hbank32                bank32       000000
__Hbank33                bank33       000000
__Hbank34                bank34       000000
__Hbank35                bank35       000000
__Hbank36                bank36       000000
__Hbank5                 bank5        000000
__Hbank6                 bank6        000000
__Hbank7                 bank7        000000
__Hbank8                 bank8        000000
__Hbank9                 bank9        000000
__Hbigbss                bigbss       000000
__Hbigdata               bigdata      000000
__Hbigram                bigram       000000
__Hbigsfr                bigsfr       000000
__Hbss                   bss          000000
__HbssBANK5              bssBANK5     000000
__HbssBIGRAM             bssBIGRAM    000000
__Hcinit                 cinit        000000
__Hclrtext               clrtext      000000
__Hcomram                comram       000000
__Hconfig                config       30000A
__Hconst                 const        000000
__HcstackBANK5           cstackBANK5  000000
__HcstackCOMRAM          cstackCOMRAM 000000
__Hdata                  data         000000
__HdataBANK5             dataBANK5    000000
__Heeprom_data           eeprom_data  000000
__Hfarbss                farbss       000000
__Hfardata               fardata      000000
__Hheap                  heap         000000
__Hibigdata              ibigdata     000000
__Hidata                 idata        000000
__HidataBANK5            idataBANK5   000000
__Hidloc                 idloc        200040
__Hifardata              ifardata     000000
__Hinit                  init         020000
__Hintsave_regs          intsave_regs 000000
__Hirdata                irdata       000000
__Hmediumconst           mediumconst  000000
__HnvFARRAM              nvFARRAM     000000
__Hnvbit                 nvbit        000000
__Hnvrram                nvrram       000000
__Hparam                 rparam       000000
__Hpowerup               powerup      000000
__Hram                   ram          000000
__Hramtop                ramtop       002600
__Hrbit                  rbit         000000
__Hrbss                  rbss         000000
__Hrdata                 rdata        000000
__Hreset_vec             reset_vec    000004
__Hrparam                rparam       000000
__Hsfr                   sfr          000000
__Hsmallconst            smallconst   002652
__Hspace_0               (abs)        020000
__Hspace_1               (abs)        002500
__Hspace_2               (abs)        000000
__Hspace_4               (abs)        60000A
__Hstack                 stack        000000
__Hstruct                struct       000000
__Htemp                  temp         000000
__Htext                  text         000000
__Htext0                 text0        000000
__Htext1                 text1        000000
__Htext10                text10       000000
__Htext11                text11       000000
__Htext12                text12       000000
__Htext13                text13       000000
__Htext14                text14       000000
__Htext15                text15       000000
__Htext16                text16       000000
__Htext17                text17       000000
__Htext18                text18       000000
__Htext19                text19       000000
__Htext2                 text2        000000
__Htext20                text20       000000
__Htext21                text21       000000
__Htext22                text22       000000
__Htext3                 text3        000000
__Htext4                 text4        000000
__Htext5                 text5        000000
__Htext6                 text6        000000
__Htext7                 text7        000000
__Htext8                 text8        000000
__Htext9                 text9        000000
__LRAM                   (abs)        000001
__Labs1                  abs1         000000
__Lbank10                bank10       000000
__Lbank11                bank11       000000
__Lbank12                bank12       000000
__Lbank13                bank13       000000
__Lbank14                bank14       000000
__Lbank15                bank15       000000
__Lbank16                bank16       000000
__Lbank17                bank17       000000
__Lbank18                bank18       000000
__Lbank19                bank19       000000
__Lbank20                bank20       000000
__Lbank21                bank21       000000
__Lbank22                bank22       000000
__Lbank23                bank23       000000
__Lbank24                bank24       000000
__Lbank25                bank25       000000
__Lbank26                bank26       000000
__Lbank27                bank27       000000
__Lbank28                bank28       000000
__Lbank29                bank29       000000
__Lbank30                bank30       000000
__Lbank31                bank31       000000
__Lbank32                bank32       000000
__Lbank33                bank33       000000
__Lbank34                bank34       000000
__Lbank35                bank35       000000
__Lbank36                bank36       000000
__Lbank5                 bank5        000000
__Lbank6                 bank6        000000
__Lbank7                 bank7        000000
__Lbank8                 bank8        000000
__Lbank9                 bank9        000000
__Lbigbss                bigbss       000000
__Lbigdata               bigdata      000000
__Lbigram                bigram       000000
__Lbigsfr                bigsfr       000000
__Lbss                   bss          000000
__LbssBANK5              bssBANK5     000000
__LbssBIGRAM             bssBIGRAM    000000
__Lcinit                 cinit        000000
__Lclrtext               clrtext      000000
__Lcomram                comram       000000
__Lconfig                config       000000
__Lconst                 const        000000
__LcstackBANK5           cstackBANK5  000000
__LcstackCOMRAM          cstackCOMRAM 000000
__Ldata                  data         000000
__LdataBANK5             dataBANK5    000000
__Leeprom_data           eeprom_data  000000
__Lfarbss                farbss       000000
__Lfardata               fardata      000000
__Lheap                  heap         000000
__Libigdata              ibigdata     000000
__Lidata                 idata        000000
__LidataBANK5            idataBANK5   000000
__Lidloc                 idloc        000000
__Lifardata              ifardata     000000
__Linit                  init         01FFFC
__Lintsave_regs          intsave_regs 000000
__Lirdata                irdata       000000
__Lmediumconst           mediumconst  000000
__LnvFARRAM              nvFARRAM     000000
__Lnvbit                 nvbit        000000
__Lnvrram                nvrram       000000
__Lparam                 rparam       000000
__Lpowerup               powerup      000000
__Lram                   ram          000000
__Lramtop                ramtop       002600
__Lrbit                  rbit         000000
__Lrbss                  rbss         000000
__Lrdata                 rdata        000000
__Lreset_vec             reset_vec    000000
__Lrparam                rparam       000000
__Lsfr                   sfr          000000
__Lsmallconst            smallconst   002600
__Lspace_0               (abs)        000000
__Lspace_1               (abs)        000000
__Lspace_2               (abs)        000000
__Lspace_4               (abs)        000000
__Lstack                 stack        000000
__Lstruct                struct       000000
__Ltemp                  temp         000000
__Ltext                  text         000000
__Ltext0                 text0        000000
__Ltext1                 text1        000000
__Ltext10                text10       000000
__Ltext11                text11       000000
__Ltext12                text12       000000
__Ltext13                text13       000000
__Ltext14                text14       000000
__Ltext15                text15       000000
__Ltext16                text16       000000
__Ltext17                text17       000000
__Ltext18                text18       000000
__Ltext19                text19       000000
__Ltext2                 text2        000000
__Ltext20                text20       000000
__Ltext21                text21       000000
__Ltext22                text22       000000
__Ltext3                 text3        000000
__Ltext4                 text4        000000
__Ltext5                 text5        000000
__Ltext6                 text6        000000
__Ltext7                 text7        000000
__Ltext8                 text8        000000
__Ltext9                 text9        000000
__S0                     (abs)        020000
__S1                     (abs)        002500
__S4                     (abs)        000000
__S5                     (abs)        000000
___heap_hi               (abs)        000000
___heap_lo               (abs)        000000
___inthi_sp              stack        000000
___intlo_sp              stack        000000
___lldiv                 text16       0037B8
___lldiv@counter         cstackCOMRAM 00050D
___lldiv@dividend        cstackCOMRAM 000501
___lldiv@divisor         cstackCOMRAM 000505
___lldiv@quotient        cstackCOMRAM 000509
___llmod                 text15       00385C
___llmod@counter         cstackCOMRAM 000509
___llmod@dividend        cstackCOMRAM 000501
___llmod@divisor         cstackCOMRAM 000505
___param_bank            (abs)        000000
___rparam_used           (abs)        000001
___sp                    stack        000000
___wmul                  text14       003A7C
___wmul@multiplicand     cstackCOMRAM 000503
___wmul@multiplier       cstackCOMRAM 000501
___wmul@product          cstackCOMRAM 000505
__accesstop              (abs)        000560
__activetblptr           (abs)        000003
__end_of_RES_off         text21       003B36
__end_of___lldiv         text16       00385C
__end_of___llmod         text15       0038E4
__end_of___wmul          text14       003AA2
__end_of__initialization cinit        003A4A
__end_of_clear_all       text8        003958
__end_of_end_boot        text20       003B3C
__end_of_get_addr        text19       003B28
__end_of_getchr          text6        0037B8
__end_of_getchx          text7        003AF4
__end_of_init_boot       text18       003B3A
__end_of_main            text0        00326E
__end_of_manualboot      text2        003656
__end_of_peek_ram        text5        003ADC
__end_of_poke_ram        text17       003AC0
__end_of_putchx          text12       003B0A
__end_of_strlen          text13       003A12
__end_of_to_hex          text4        0039C2
__end_of_toggle_Egate    text1        003B1A
__end_of_ungetchr        text3        003B32
__end_of_xfputc          text11       00370C
__end_of_xprintf         text9        003A7C
__end_of_xvfprintf       text10       002E58
__initialization         cinit        003A12
__mediumconst            mediumconst  000000
__pbssBANK5              bssBANK5     000588
__pbssBIGRAM             bssBIGRAM    001500
__pcinit                 cinit        003A12
__pcstackBANK5           cstackBANK5  000560
__pcstackCOMRAM          cstackCOMRAM 000501
__pdataBANK5             dataBANK5    0005A4
__pidataBANK5            idataBANK5   003B36
__psmallconst            smallconst   002600
__ptext0                 text0        002E58
__ptext1                 text1        003B0A
__ptext10                text10       002652
__ptext11                text11       003656
__ptext12                text12       003AF4
__ptext13                text13       0039C2
__ptext14                text14       003A7C
__ptext15                text15       00385C
__ptext16                text16       0037B8
__ptext17                text17       003AA2
__ptext18                text18       003B38
__ptext19                text19       003B1A
__ptext2                 text2        00326E
__ptext20                text20       003B3A
__ptext21                text21       003B32
__ptext22                text22       000000
__ptext3                 text3        003B28
__ptext4                 text4        003958
__ptext5                 text5        003AC0
__ptext6                 text6        00370C
__ptext7                 text7        003ADC
__ptext8                 text8        0038E4
__ptext9                 text9        003A50
__ramtop                 ramtop       002600
__smallconst             smallconst   002600
_ab                      bssBANK5     00059A
_break_address           bssBANK5     000598
_clear_all               text8        0038E4
_end_boot                text20       003B3A
_get_addr                text19       003B1A
_getchr                  text6        00370C
_getchx                  text7        003ADC
_init_boot               text18       003B38
_main                    text0        002E58
_manualboot              text2        00326E
_manualboot$362          cstackBANK5  00056C
_peek_ram                text5        003AC0
_poke_ram                text17       003AA2
_putchx                  text12       003AF4
_ram                     bssBIGRAM    001500
_rest_num                bssBANK5     000592
_ss_flag                 bssBANK5     000596
_strlen                  text13       0039C2
_strptr                  bssBANK5     000594
_to_hex                  text4        003958
_toggle_Egate            text1        003B0A
_uc                      dataBANK5    0005A4
_ungetchr                text3        003B28
_xfputc                  text11       003656
_xfunc_input             bssBANK5     000588
_xfunc_output            bssBANK5     00058B
_xprintf                 text9        003A50
_xvfprintf               text10       002652
_xvfprintf$275           cstackCOMRAM 000539
clear_all@i              cstackBANK5  000564
clear_all@p              cstackBANK5  000566
end_of_initialization    cinit        003A4A
getchr@c                 cstackCOMRAM 000507
getchr@count             bssBANK5     000590
intlevel0                text         000000
intlevel1                text         000000
intlevel2                text         000000
intlevel3                text         000000
isa$std                  (abs)        000001
isa$xinst                (abs)        000000
main@addr                cstackBANK5  000580
main@i                   cstackBANK5  000584
main@i_169               cstackBANK5  000586
manualboot@addr          cstackBANK5  00057B
manualboot@addr_flag     cstackBANK5  00056F
manualboot@c             cstackBANK5  00057D
manualboot@cc            cstackBANK5  00056D
manualboot@d             cstackBANK5  000575
manualboot@end           cstackBANK5  00056A
manualboot@max           cstackBANK5  000571
manualboot@min           cstackBANK5  000573
manualboot@n             cstackBANK5  000577
manualboot@start         cstackBANK5  000579
monitor@buf              bssBANK5     00059C
peek_ram@addr            cstackCOMRAM 000501
poke_ram@addr            cstackCOMRAM 000501
poke_ram@c               cstackCOMRAM 000503
putchx@c                 cstackCOMRAM 000501
stackhi                  (abs)        000000
stacklo                  (abs)        000000
start                    init         01FFFC
start_initialization     cinit        003A12
strlen@a                 cstackCOMRAM 000503
strlen@s                 cstackCOMRAM 000501
to_hex@c                 cstackCOMRAM 000503
ungetchr@c               cstackCOMRAM 000501
xfputc@chr               cstackCOMRAM 000506
xfputc@func              cstackCOMRAM 000503
xprintf@arp              cstackBANK5  000560
xprintf@fmt              cstackCOMRAM 000556
xvfprintf@arp            cstackCOMRAM 000513
xvfprintf@c              cstackCOMRAM 000555
xvfprintf@d              cstackCOMRAM 00053B
xvfprintf@f              cstackCOMRAM 00054B
xvfprintf@fmt            cstackCOMRAM 000511
xvfprintf@func           cstackCOMRAM 00050E
xvfprintf@i              cstackCOMRAM 000553
xvfprintf@j              cstackCOMRAM 000551
xvfprintf@n              cstackCOMRAM 000543
xvfprintf@p              cstackCOMRAM 000549
xvfprintf@pad            cstackCOMRAM 00053C
xvfprintf@prec           cstackCOMRAM 00054F
xvfprintf@r              cstackCOMRAM 00053D
xvfprintf@str            cstackCOMRAM 000519
xvfprintf@uv             cstackCOMRAM 00053F
xvfprintf@v              cstackCOMRAM 000545
xvfprintf@w              cstackCOMRAM 00054D


MODULE INFORMATION

Module		Function		Class		Link	Load	Size
C:\Program Files\Microchip\xc8\v2.40\pic\sources\c99\common\Umul16.c
		___wmul        		CODE           	3A7C	0000	38

C:\Program Files\Microchip\xc8\v2.40\pic\sources\c99\common\Umul16.c estimated size: 38

C:\Program Files\Microchip\xc8\v2.40\pic\sources\c99\common\__lldiv.c
		___lldiv       		CODE           	37B8	0000	164

C:\Program Files\Microchip\xc8\v2.40\pic\sources\c99\common\__lldiv.c estimated size: 164

bootload.c
		_clear_all     		CODE           	38E4	0000	116
		_ungetchr      		CODE           	3B28	0000	10
		_to_hex        		CODE           	3958	0000	106
		_manualboot    		CODE           	326E	0000	1000
		_getchr        		CODE           	370C	0000	172

bootload.c estimated size: 1404

xprintf.c
		_xvfprintf     		CODE           	2652	0000	2054
		_xfputc        		CODE           	3656	0000	182
		_xprintf       		CODE           	3A50	0000	44

xprintf.c estimated size: 2280

C:\Program Files\Microchip\xc8\v2.40\pic\sources\c99\common\strlen.c
		_strlen        		CODE           	39C2	0000	80

C:\Program Files\Microchip\xc8\v2.40\pic\sources\c99\common\strlen.c estimated size: 80

shared
		__initialization		CODE           	3A12	0000	56

shared estimated size: 56

C:\Program Files\Microchip\xc8\v2.40\pic\sources\c99\common\llmod.c
		___llmod       		CODE           	385C	0000	136

C:\Program Files\Microchip\xc8\v2.40\pic\sources\c99\common\llmod.c estimated size: 136

main.c
		_getchx        		CODE           	3ADC	0000	24
		_poke_ram      		CODE           	3AA2	0000	30
		_peek_ram      		CODE           	3AC0	0000	28
		_main          		CODE           	2E58	0000	1046
		_get_addr      		CODE           	3B1A	0000	14
		_end_boot      		CODE           	3B3A	0000	2
		_putchx        		CODE           	3AF4	0000	22
		_init_boot     		CODE           	3B38	0000	2
		_RES_off       		CODE           	3B32	0000	4
		_toggle_Egate  		CODE           	3B0A	0000	16

main.c estimated size: 1188

